[www.littleangels.com.ng/index.html]
[www.littleangels.com.ng/xmlrpc.php]
[backblue.gif]
[fade.gif]
[index.html]
[www.littleangels.com.ng/wp-content/plugins/school-management-pro/assets/css/jquery-confirm.mine63c.css]
[www.littleangels.com.ng/feed/index.html]
[www.littleangels.com.ng/comments/feed/index.html]
[www.littleangels.com.ng/wp-content/plugins/school-management-pro/assets/css/toastr.mine63c.css]
[www.littleangels.com.ng/wp-content/plugins/school-management-pro/assets/css/zebra_datepicker.mine63c.css]
[www.littleangels.com.ng/wp-content/plugins/school-management-pro/assets/css/print/wlsm-previewc721.css]
[www.littleangels.com.ng/wp-content/plugins/school-management-pro/assets/css/wlsmc721.css]
[www.littleangels.com.ng/wp-content/plugins/school-management-pro/assets/css/wlsm-dashboardc721.css]
[www.littleangels.com.ng/wp-content/themes/eduma/assets/css/thim-iconse63c.css]
[www.littleangels.com.ng/wp-content/themes/eduma/assets/css/flaticone63c.css]
[www.littleangels.com.ng/wp-content/themes/eduma/assets/css/font-pe-icon-7e63c.css]
[www.littleangels.com.ng/wp-content/themes/eduma/assets/css/ionicons.mine63c.css]
[www.littleangels.com.ng/wp-content/plugins/elementor/assets/css/frontend-lite.mince8e.css]
[www.littleangels.com.ng/wp-content/uploads/2023/11/WhatsApp-Image-2023-11-07-at-13.02.23_ac460b68.jpg]
[www.littleangels.com.ng/wp-content/uploads/2023/11/WhatsApp-Image-2023-11-04-at-17.17.18_339cd090.jpg]
[www.littleangels.com.ng/wp-content/plugins/elementor/assets/lib/swiper/v8/css/swiper.min94a4.css]
[www.littleangels.com.ng/wp-content/plugins/thim-elementor-kit/build/frontendda20.css]
[www.littleangels.com.ng/wp-content/plugins/elementor/assets/lib/font-awesome/css/allda20.css]
[www.littleangels.com.ng/wp-content/themes/eduma/assets/css/v4-shims.minf08a.css]
[www.littleangels.com.ng/wp-content/plugins/thim-elementor-kit/build/libraries/thim-ekits/css/thim-ekits-icons.minda20.css]
[www.littleangels.com.ng/wp-content/themes/eduma/stylef08a.css]
[eduma.thimpress.com/thim-2/wp-content/themes/eduma/images/patterns/pattern1.png]
[www.littleangels.com.ng/wp-content/uploads/2023/11/WhatsApp-Image-2023-11-04-at-17.16.31_090671fe.jpg]
[www.littleangels.com.ng/wp-content/plugins/profile-builder/assets/css/style-front-endb5ca.css]
[www.littleangels.com.ng/wp-includes/js/jquery/jquery-migrate.min5589.js]
[www.littleangels.com.ng/wp-includes/js/jquery/jquery.minf43b.js]
[www.littleangels.com.ng/wp-json/wp/v2/pages/9997.json]
[www.littleangels.com.ng/wp-json/index.html]
[www.littleangels.com.ng/xmlrpc0db0.php]
[www.littleangels.com.ng/wp-json/oembed/1.0/embed8580.json]
[www.littleangels.com.ng/wp-json/oembed/1.0/embed9deb]
[www.littleangels.com.ng/wp-content/uploads/2023/11/cropped-Logo-2-32x32.png]
[www.littleangels.com.ng/wp-content/uploads/2023/11/cropped-Logo-2-192x192.png]
[www.littleangels.com.ng/wp-content/uploads/2023/11/cropped-Logo-2-180x180.png]
[www.littleangels.com.ng/wp-content/uploads/thim-fonts/inter/UcC73FwrK3iLTeHuS_fvQtMwCp50KnMa2JL7W0Q5n-wU.woff2]
[www.littleangels.com.ng/wp-content/uploads/thim-fonts/inter/UcC73FwrK3iLTeHuS_fvQtMwCp50KnMa0ZL7W0Q5n-wU.woff2]
[www.littleangels.com.ng/wp-content/uploads/thim-fonts/inter/UcC73FwrK3iLTeHuS_fvQtMwCp50KnMa2ZL7W0Q5n-wU.woff2]
[www.littleangels.com.ng/wp-content/uploads/thim-fonts/inter/UcC73FwrK3iLTeHuS_fvQtMwCp50KnMa1pL7W0Q5n-wU.woff2]
[www.littleangels.com.ng/wp-content/uploads/thim-fonts/inter/UcC73FwrK3iLTeHuS_fvQtMwCp50KnMa2pL7W0Q5n-wU.woff2]
[www.littleangels.com.ng/wp-content/uploads/thim-fonts/inter/UcC73FwrK3iLTeHuS_fvQtMwCp50KnMa25L7W0Q5n-wU.woff2]
[www.littleangels.com.ng/wp-content/uploads/thim-fonts/inter/UcC73FwrK3iLTeHuS_fvQtMwCp50KnMa1ZL7W0Q5nw.woff2]
[www.littleangels.com.ng/wp-admin/admin-ajax.php]
[www.littleangels.com.ng/wp-content/uploads/2023/11/Logo-2.png]
[www.littleangels.com.ng/about/index.html]
[www.littleangels.com.ng/wp-content/uploads/2023/11/WhatsApp-Image-2023-11-07-at-13.02.20_4070bdf7.jpg]
[www.littleangels.com.ng/contact/index.html]
[www.littleangels.com.ng/wp-content/uploads/2023/11/WhatsApp-Image-2023-11-30-at-11.57.22_90cc4029.jpg]
[www.littleangels.com.ng/login-2/index.html]
[www.littleangels.com.ng/wp-content/uploads/2023/11/WhatsApp-Image-2023-11-07-at-13.02.25_56ce843b.jpg]
[www.littleangels.com.ng/wp-content/uploads/2023/11/WhatsApp-Image-2023-11-07-at-13.02.23_9c90f2ae.jpg]
[www.littleangels.com.ng/wp-content/uploads/2023/12/WhatsApp-Image-2023-11-30-at-11.57.26_36c9efeb.jpg]
[www.littleangels.com.ng/wp-content/uploads/2023/11/WhatsApp-Image-2023-11-07-at-13.02.24_08b71406.jpg]
[www.littleangels.com.ng/wp-content/uploads/2023/11/WhatsApp-Image-2023-11-30-at-12.14.09_ba04a4ca.jpg]
[www.littleangels.com.ng/wp-content/uploads/2023/11/WhatsApp-Image-2023-11-04-at-17.16.44_7a2f9497.jpg]
[www.littleangels.com.ng/wp-content/uploads/2023/12/WhatsApp-Image-2023-11-30-at-19.12.09_ae4d0bf0-257x300.jpg]
[www.littleangels.com.ng/wp-content/uploads/2023/12/WhatsApp-Image-2023-11-30-at-19.11.30_a9d27f7a-260x300.jpg]
[www.littleangels.com.ng/wp-content/uploads/2023/12/WhatsApp-Image-2023-11-30-at-19.32.23_7e1b8bb1-1-212x300.jpg]
[www.littleangels.com.ng/wp-content/uploads/2023/12/WhatsApp-Image-2023-12-03-at-21.05.23_0d16a0c2-243x300.jpg]
[www.littleangels.com.ng/wp-content/uploads/2023/12/WhatsApp-Image-2023-12-01-at-22.24.32_e8e0dc99-300x300.jpg]
[www.littleangels.com.ng/wp-content/uploads/2023/12/WhatsApp-Image-2023-12-01-at-18.14.41_47ed997d-247x300.jpg]
[www.littleangels.com.ng/wp-content/uploads/2023/11/Logo-2-300x85.png]
[www.littleangels.com.ng/events/learn-to-write-flash-fiction/index.html]
[www.littleangels.com.ng/events/managing-time-for-study/index.html]
[www.littleangels.com.ng/events/index.html]
[www.littleangels.com.ng/2022/09/20/back-to-school-in-the-new-year/index.html]
[www.littleangels.com.ng/wp-content/plugins/thim-elementor-kit/build/widgetsda20.css]
[www.littleangels.com.ng/events/applying-natural-laws-to-technology-and-society/index.html]
[www.littleangels.com.ng/2021/10/18/becoming-a-better-designer/index.html]
[www.littleangels.com.ng/2022/09/20/childrens-social-service-referrals-from-schools-soar-to-record-high/index.html]
[www.littleangels.com.ng/wp-content/plugins/school-management-pro/assets/js/jquery-confirm.min68b3.js]
[www.littleangels.com.ng/2022/10/20/data-details-test-score-drops/index.html]
[www.littleangels.com.ng/2021/10/18/hackers-harass-children-in-online-classrooms/index.html]
[www.littleangels.com.ng/wp-content/plugins/school-management-pro/assets/js/toastr.min68b3.js]
[www.littleangels.com.ng/blog/index.html]
[www.littleangels.com.ng/wp-content/plugins/school-management-pro/assets/js/zebra_datepicker.min68b3.js]
[www.littleangels.com.ng/wp-includes/js/jquery/jquery.form.minb2f9.js]
[www.littleangels.com.ng/wp-content/plugins/school-management-pro/assets/js/wlsmc721.js]
[checkout.razorpay.com/v1/checkout.js]
[js.paystack.co/v1/inline.js]
[www.littleangels.com.ng/wp-content/plugins/woocommerce/assets/js/sourcebuster/sourcebuster.min117a.js]
[www.littleangels.com.ng/wp-content/plugins/woocommerce/assets/js/frontend/order-attribution.min117a.js]
[www.littleangels.com.ng/wp-includes/js/jquery/ui/core.min3f14.js]
[www.littleangels.com.ng/wp-includes/js/underscore.mind584.js]
[www.littleangels.com.ng/wp-includes/js/wp-util.mine63c.js]
[www.littleangels.com.ng/wp-includes/js/backbone.min91ce.js]
[www.littleangels.com.ng/wp-content/plugins/thim-elementor-kit/build/frontendda20.js]
[www.littleangels.com.ng/wp-includes/js/imagesloaded.minbb93.js]
[www.littleangels.com.ng/wp-content/themes/eduma/assets/js/main.minf08a.js]
[www.littleangels.com.ng/wp-content/themes/eduma/assets/js/custom-script-v2.minf08a.js]
[www.littleangels.com.ng/wp-content/themes/eduma/assets/js/thim-scripts.minf08a.js]
[www.littleangels.com.ng/wp-content/themes/eduma/assets/js/jquery.waypoints.minf08a.js]
[www.littleangels.com.ng/wp-content/themes/eduma/assets/js/jquery.countTo.minf08a.js]
[www.littleangels.com.ng/wp-content/plugins/elementor/assets/js/webpack.runtime.mince8e.js]
[www.littleangels.com.ng/wp-content/plugins/elementor/assets/js/frontend-modules.mince8e.js]
[www.littleangels.com.ng/wp-content/plugins/elementor/assets/lib/waypoints/waypoints.min05da.js]
[www.littleangels.com.ng/wp-content/plugins/elementor/assets/js/frontend.mince8e.js]
[www.littleangels.com.ng/wp-includes/js/dist/vendor/wp-polyfill-inert.min0226.js]
[www.littleangels.com.ng/wp-includes/js/dist/vendor/regenerator-runtime.min6c85.js]
[www.littleangels.com.ng/wp-includes/js/dist/vendor/wp-polyfill.min2c7c.js]
[www.littleangels.com.ng/wp-includes/js/dist/hooks.min2757.js]
[www.littleangels.com.ng/wp-includes/js/dist/i18n.minc33c.js]
[www.littleangels.com.ng/wp-includes/js/dist/url.min253b.js]
[www.littleangels.com.ng/wp-includes/js/dist/api-fetch.min803c.js]
[www.littleangels.com.ng/wp-admin/admin-ajaxf809.php]
[www.littleangels.com.ng/index.html]
[www.littleangels.com.ng/xmlrpc.php]
[www.littleangels.com.ng/wp-content/plugins/school-management-pro/assets/css/jquery-confirm.mine63c.css]
[www.littleangels.com.ng/wp-content/plugins/school-management-pro/assets/css/toastr.mine63c.css]
[www.littleangels.com.ng/wp-content/plugins/thim-elementor-kit/build/widgets6b88.js]
[www.littleangels.com.ng/wp-content/plugins/school-management-pro/assets/css/icons.png]
[www.littleangels.com.ng/wp-content/plugins/school-management-pro/assets/css/zebra_datepicker.mine63c.css]
[www.littleangels.com.ng/wp-content/plugins/school-management-pro/assets/css/print/wlsm-previewc721.css]
[www.littleangels.com.ng/wp-content/plugins/school-management-pro/assets/css/wlsmc721.css]
[www.littleangels.com.ng/wp-content/plugins/school-management-pro/assets/css/wlsm-dashboardc721.css]
[www.littleangels.com.ng/wp-content/themes/eduma/images/widget-icon.png]
[www.littleangels.com.ng/wp-content/themes/eduma/assets/css/thim-iconse63c.css]
[www.littleangels.com.ng/wp-content/themes/eduma/assets/fonts/flaticon/Flaticon.eot]
[www.littleangels.com.ng/wp-content/themes/eduma/assets/fonts/flaticon/Flaticond41d.eot]
[www.littleangels.com.ng/wp-content/themes/eduma/assets/fonts/flaticon/Flaticon.woff]
[www.littleangels.com.ng/wp-content/themes/eduma/assets/fonts/flaticon/Flaticon.ttf]
[www.littleangels.com.ng/wp-content/themes/eduma/assets/css/flaticone63c.css]
[www.littleangels.com.ng/wp-content/themes/eduma/assets/fonts/pe-icon-7/Pe-icon-7-strokebb1d.eot]
[www.littleangels.com.ng/wp-content/themes/eduma/assets/fonts/pe-icon-7/Pe-icon-7-stroked41d.eot]
[www.littleangels.com.ng/wp-content/themes/eduma/assets/fonts/flaticon/Flaticon.svg]
[www.littleangels.com.ng/wp-content/themes/eduma/assets/fonts/pe-icon-7/Pe-icon-7-strokebb1d.woff]
[www.littleangels.com.ng/wp-content/themes/eduma/assets/fonts/pe-icon-7/Pe-icon-7-strokebb1d.ttf]
[www.littleangels.com.ng/wp-content/themes/eduma/assets/css/font-pe-icon-7e63c.css]
[www.littleangels.com.ng/wp-content/themes/eduma/assets/fonts/ion-icons/ionicons28b5.eot]
[www.littleangels.com.ng/wp-content/themes/eduma/assets/fonts/ion-icons/ionicons28b5.ttf]
[www.littleangels.com.ng/wp-content/themes/eduma/assets/fonts/pe-icon-7/Pe-icon-7-strokebb1d.svg]
[www.littleangels.com.ng/wp-content/themes/eduma/assets/fonts/ion-icons/ionicons28b5.woff]
[www.littleangels.com.ng/wp-content/themes/eduma/assets/css/ionicons.mine63c.css]
[www.littleangels.com.ng/wp-content/plugins/elementor/assets/css/frontend-lite.mince8e.css]
[www.littleangels.com.ng/wp-content/plugins/elementor/assets/lib/swiper/v8/css/swiper.min94a4.css]
[www.littleangels.com.ng/wp-content/plugins/thim-elementor-kit/build/frontendda20.css]
[www.littleangels.com.ng/wp-content/plugins/elementor/assets/lib/font-awesome/webfonts/fa-brands-400.eot]
[www.littleangels.com.ng/wp-content/themes/eduma/assets/fonts/ion-icons/ionicons28b5.svg]
[www.littleangels.com.ng/wp-content/plugins/elementor/assets/lib/font-awesome/webfonts/fa-brands-400d41d.eot]
[www.littleangels.com.ng/wp-content/plugins/elementor/assets/lib/font-awesome/webfonts/fa-brands-400.woff2]
[www.littleangels.com.ng/wp-content/plugins/elementor/assets/lib/font-awesome/webfonts/fa-brands-400.woff]
[www.littleangels.com.ng/wp-content/plugins/elementor/assets/lib/font-awesome/webfonts/fa-brands-400.ttf]
[www.littleangels.com.ng/wp-content/plugins/elementor/assets/lib/font-awesome/webfonts/fa-regular-400.eot]
[www.littleangels.com.ng/wp-content/plugins/elementor/assets/lib/font-awesome/webfonts/fa-regular-400d41d.eot]
[www.littleangels.com.ng/wp-content/plugins/elementor/assets/lib/font-awesome/webfonts/fa-brands-400.svg]
[www.littleangels.com.ng/wp-content/plugins/elementor/assets/lib/font-awesome/webfonts/fa-regular-400.woff2]
[www.littleangels.com.ng/wp-content/plugins/elementor/assets/lib/font-awesome/webfonts/fa-regular-400.woff]
[www.littleangels.com.ng/wp-content/plugins/elementor/assets/lib/font-awesome/webfonts/fa-regular-400.ttf]
[www.littleangels.com.ng/wp-content/plugins/elementor/assets/lib/font-awesome/webfonts/fa-regular-400.svg]
[www.littleangels.com.ng/wp-content/plugins/elementor/assets/lib/font-awesome/webfonts/fa-solid-900.eot]
[www.littleangels.com.ng/wp-content/plugins/elementor/assets/lib/font-awesome/webfonts/fa-solid-900d41d.eot]
[www.littleangels.com.ng/wp-content/plugins/elementor/assets/lib/font-awesome/webfonts/fa-solid-900.woff2]
[www.littleangels.com.ng/wp-content/plugins/elementor/assets/lib/font-awesome/webfonts/fa-solid-900.woff]
[www.littleangels.com.ng/wp-content/plugins/elementor/assets/lib/font-awesome/webfonts/fa-solid-900.ttf]
[www.littleangels.com.ng/wp-content/plugins/elementor/assets/lib/font-awesome/css/allda20.css]
[www.littleangels.com.ng/wp-content/plugins/elementor/assets/lib/font-awesome/webfonts/fa-solid-900.svg]
[www.littleangels.com.ng/wp-content/themes/eduma/images/bg_pattem.jpg]
[www.littleangels.com.ng/wp-content/themes/eduma/images/bg_slider_edtech.png]
[www.littleangels.com.ng/wp-content/themes/eduma/images/bg_song2.png]
[www.littleangels.com.ng/wp-content/themes/eduma/images/icon-title-active.svg]
[www.littleangels.com.ng/wp-content/themes/eduma/images/bg_icon.png]
[www.littleangels.com.ng/wp-content/themes/eduma/images/imac-bg.png]
[www.littleangels.com.ng/wp-content/themes/eduma/images/pricing-featured.png]
[www.littleangels.com.ng/wp-content/themes/eduma/images/quote-bg.png]
[www.littleangels.com.ng/wp-content/themes/eduma/stylef08a.css]
[www.littleangels.com.ng/wp-content/themes/eduma/assets/css/v4-shims.minf08a.css]
[www.littleangels.com.ng/wp-content/plugins/thim-elementor-kit/build/libraries/thim-ekits/fonts/thim-ekits.woff2]
[www.littleangels.com.ng/wp-content/plugins/thim-elementor-kit/build/libraries/thim-ekits/fonts/thim-ekits.woff]
[www.littleangels.com.ng/wp-content/plugins/thim-elementor-kit/build/libraries/thim-ekits/css/thim-ekits-icons.minda20.css]
[www.littleangels.com.ng/wp-content/themes/eduma-child/stylef08a.css]
[www.littleangels.com.ng/wp-content/plugins/profile-builder/assets/images/sorting-default.png]
[www.littleangels.com.ng/wp-content/plugins/profile-builder/assets/images/sorting-ascending.png]
[www.littleangels.com.ng/wp-content/plugins/profile-builder/assets/images/sorting-descending.png]
[www.littleangels.com.ng/wp-content/plugins/profile-builder/assets/css/style-front-endb5ca.css]
[www.littleangels.com.ng/wp-admin/admin-ajax.html]
[www.littleangels.com.ng/wp-content/plugins/elementor/assets/css/frontend-lite.min021f.css]
[www.littleangels.com.ng/wp-content/uploads/2023/11/WhatsApp-Image-2023-11-30-at-12.14.00_682dd1f0.jpg]
[www.littleangels.com.ng/wp-content/plugins/thim-elementor-kit/build/frontendc5c9.css]
[www.littleangels.com.ng/wp-content/plugins/elementor/assets/lib/font-awesome/css/allc5c9.css]
[www.littleangels.com.ng/wp-content/plugins/thim-elementor-kit/build/libraries/thim-ekits/css/thim-ekits-icons.minc5c9.css]
[www.littleangels.com.ng/wp-json/wp/v2/pages/12626.json]
[www.littleangels.com.ng/wp-json/oembed/1.0/embed35f9.json]
[www.littleangels.com.ng/wp-json/oembed/1.0/embed0ab7]
[www.littleangels.com.ng/wp-content/plugins/thim-elementor-kit/build/widgetsc5c9.css]
[www.littleangels.com.ng/2023/11/18/hello-world/index.html]
[www.littleangels.com.ng/wp-content/plugins/thim-elementor-kit/build/frontendc5c9.js]
[www.littleangels.com.ng/wp-content/plugins/elementor/assets/js/webpack.runtime.min021f.js]
[www.littleangels.com.ng/2022/09/20/what-states-spend-on-students/index.html]
[www.littleangels.com.ng/wp-content/plugins/elementor/assets/js/frontend-modules.min021f.js]
[www.littleangels.com.ng/wp-content/plugins/elementor/assets/js/frontend.min021f.js]
[www.littleangels.com.ng/wp-content/plugins/thim-elementor-kit/build/widgets8198.js]
[www.littleangels.com.ng/about/index.html]
[www.littleangels.com.ng/wp-json/wp/v2/pages/87.json]
[www.littleangels.com.ng/wp-json/oembed/1.0/embedfcd9.json]
[www.littleangels.com.ng/wp-json/oembed/1.0/embed24f8]
[www.littleangels.com.ng/wp-content/uploads/2022/12/eduma-cover-banner-17.jpg]
[www.littleangels.com.ng/contact/index.html]
[www.littleangels.com.ng/wp-json/wp/v2/pages/37.json]
[www.littleangels.com.ng/wp-json/oembed/1.0/embed0049.json]
[www.littleangels.com.ng/wp-json/oembed/1.0/embedc3c2]
[www.littleangels.com.ng/login-2/index.html]
[www.littleangels.com.ng/password-reset/index.html]
[www.littleangels.com.ng/wp-includes/css/dist/block-library/style.mine63c.css]
[www.littleangels.com.ng/account/indexc2b6.html]
[www.littleangels.com.ng/wp-content/plugins/wp-events-manager/inc/libraries/countdown/css/jquery.countdowne63c.css]
[www.littleangels.com.ng/events/learn-to-write-flash-fiction/feed/index.html]
[www.littleangels.com.ng/wp-content/plugins/wp-events-manager/inc/libraries/owl-carousel/css/owl.carousele63c.css]
[www.littleangels.com.ng/wp-content/plugins/wp-events-manager/inc/libraries/magnific-popup/css/magnific-popupe63c.css]
[www.littleangels.com.ng/wp-content/plugins/wp-events-manager/assets/css/frontend/events.mine63c.css]
[www.littleangels.com.ng/wp-json/oembed/1.0/embed4df1.json]
[www.littleangels.com.ng/wp-json/oembed/1.0/embed19e6]
[www.littleangels.com.ng/wp-content/uploads/2022/12/eduma-cover-banner-18.jpg]
[www.littleangels.com.ng/wp-content/plugins/wp-events-manager/inc/libraries/countdown/js/jquery.plugin.mine63c.js]
[www.littleangels.com.ng/wp-content/plugins/wp-events-manager/inc/libraries/countdown/js/jquery.countdown.mine63c.js]
[www.littleangels.com.ng/user-login/index5c4b.html]
[www.littleangels.com.ng/wp-content/plugins/wp-events-manager/assets/js/frontend/google-mape63c.js]
[www.littleangels.com.ng/wp-content/plugins/wp-events-manager/inc/libraries/owl-carousel/js/owl.carousel.mine63c.js]
[www.littleangels.com.ng/wp-content/plugins/wp-events-manager/inc/libraries/magnific-popup/js/jquery.magnific-popup.mincc91.js]
[www.littleangels.com.ng/wp-content/plugins/wp-events-manager/assets/js/frontend/events.mine63c.js]
[www.littleangels.com.ng/wp-includes/js/comment-reply.mine63c.js]
[www.littleangels.com.ng/events/learn-to-write-flash-fiction/index.html]
[www.littleangels.com.ng/events/applying-natural-laws-to-technology-and-society/feed/index.html]
[www.littleangels.com.ng/wp-json/oembed/1.0/embed5819.json]
[www.littleangels.com.ng/wp-json/oembed/1.0/embed6777]
[www.littleangels.com.ng/events/applying-natural-laws-to-technology-and-society/index.html]
[www.littleangels.com.ng/wp-json/oembed/1.0/embedf861.json]
[www.littleangels.com.ng/user-login/indexd087.html]
[www.littleangels.com.ng/wp-json/oembed/1.0/embed10f3]
[www.littleangels.com.ng/events/managing-time-for-study/index.html]
[www.littleangels.com.ng/events/index.html]
[www.littleangels.com.ng/events/managing-time-for-study/feed/index.html]
[www.littleangels.com.ng/events/feed/index.html]
[www.littleangels.com.ng/user-login/index5cb4.html]
[www.littleangels.com.ng/events/build-education-website-using-wordpress/index.html]
[www.littleangels.com.ng/wp-json/wp/v2/posts/4520]
[www.littleangels.com.ng/events/introduction-to-study-skills/index.html]
[www.littleangels.com.ng/events/building-assignment-writing-skills/index.html]
[www.littleangels.com.ng/events/change-career-to-teaching/index.html]
[www.littleangels.com.ng/wp-json/oembed/1.0/embede33f.json]
[www.littleangels.com.ng/events/data-science-and-fake-news/index.html]
[www.littleangels.com.ng/2022/09/20/back-to-school-in-the-new-year/feed/index.html]
[www.littleangels.com.ng/wp-json/oembed/1.0/embeda5ed]
[www.littleangels.com.ng/author/littleangels/index.html]
[www.littleangels.com.ng/category/blog/index.html]
[www.littleangels.com.ng/tag/course/index.html]
[eduma.thimpress.com/university/wp-content/uploads/sites/63/2022/12/ads-sidebar.jpg]
[www.littleangels.com.ng/2022/09/20/back-to-school-in-the-new-year/index.html]
[www.littleangels.com.ng/wp-json/wp/v2/posts/130.json]
[www.littleangels.com.ng/2021/10/18/becoming-a-better-designer/feed/index.html]
[www.littleangels.com.ng/wp-json/oembed/1.0/embed1543.json]
[www.littleangels.com.ng/wp-json/oembed/1.0/embed72d2]
[www.littleangels.com.ng/2021/10/18/becoming-a-better-designer/index.html]
[www.littleangels.com.ng/wp-json/wp/v2/posts/4519.json]
[www.littleangels.com.ng/category/design-branding/index.html]
[www.littleangels.com.ng/tag/thimpress/index.html]
[www.littleangels.com.ng/tag/designer/index.html]
[www.littleangels.com.ng/wp-json/oembed/1.0/embeddc43.json]
[www.littleangels.com.ng/2022/01/20/tips-to-succeed-in-an-online-course/index.html]
[www.littleangels.com.ng/2022/05/25/the-project-harnessing-the-power-of-sport-to-change-childrens-lives/index.html]
[www.littleangels.com.ng/2022/05/17/our-classes/index.html]
[www.littleangels.com.ng/wp-json/oembed/1.0/embed0c24]
[www.littleangels.com.ng/2022/09/20/childrens-social-service-referrals-from-schools-soar-to-record-high/index.html]
[www.littleangels.com.ng/2022/09/20/childrens-social-service-referrals-from-schools-soar-to-record-high/feed/index.html]
[www.littleangels.com.ng/2022/03/07/making-a-home-for-students/index.html]
[www.littleangels.com.ng/tag/seo/index.html]
[www.littleangels.com.ng/wp-json/wp/v2/posts/4522.json]
[www.littleangels.com.ng/2022/07/22/high-school-exam-the-most-testing-of-times/index.html]
[www.littleangels.com.ng/2022/10/20/data-details-test-score-drops/feed/index.html]
[www.littleangels.com.ng/wp-json/oembed/1.0/embede649.json]
[www.littleangels.com.ng/wp-json/oembed/1.0/embedd9ef]
[www.littleangels.com.ng/2022/10/20/data-details-test-score-drops/index.html]
[www.littleangels.com.ng/wp-json/wp/v2/posts/128.json]
[www.littleangels.com.ng/tag/wordpress/index.html]
[www.littleangels.com.ng/wp-json/oembed/1.0/embedd069.json]
[www.littleangels.com.ng/wp-json/oembed/1.0/embede752]
[www.littleangels.com.ng/2021/10/18/hackers-harass-children-in-online-classrooms/index.html]
[www.littleangels.com.ng/wp-content/plugins/woocommerce/assets/js/flexslider/jquery.flexslider.min12a1.js]
[www.littleangels.com.ng/blog/index.html]
[www.littleangels.com.ng/category/business/index.html]
[www.littleangels.com.ng/2022/03/11/the-importance-of-higher-education/index.html]
[www.littleangels.com.ng/2022/05/23/our-books/index.html]
[www.littleangels.com.ng/category/uncategorized/index.html]
[www.littleangels.com.ng/wp-content/plugins/thim-elementor-kit/build/widgetsda20.css]
[www.littleangels.com.ng/2022/05/07/private-school-pupils-twice-as-likely-to-need-top-grades-for-some-universities/index.html]
[checkout.stripe.com/checkout.js]
[www.littleangels.com.ng/wp-admin/admin-ajaxf809.html]
[www.littleangels.com.ng/wp-content/themes/eduma/assets/fonts/flaticon/Flaticon.svg]
[www.littleangels.com.ng/wp-content/themes/eduma/assets/fonts/pe-icon-7/Pe-icon-7-strokebb1d.svg]
[www.littleangels.com.ng/wp-content/themes/eduma/assets/fonts/ion-icons/ionicons28b5.svg]
[www.littleangels.com.ng/blog/page/2/index.html]
[www.littleangels.com.ng/wp-content/plugins/elementor/assets/lib/font-awesome/webfonts/fa-brands-400.svg]
[www.littleangels.com.ng/wp-content/plugins/elementor/assets/lib/font-awesome/webfonts/fa-regular-400.svg]
[www.littleangels.com.ng/wp-content/plugins/elementor/assets/lib/font-awesome/webfonts/fa-solid-900.svg]
[www.littleangels.com.ng/wp-content/themes/eduma/images/icon-title-active.svg]
[www.littleangels.com.ng/wp-content/plugins/elementor/assets/css/frontend-lite.min021f.css]
[www.littleangels.com.ng/wp-content/plugins/thim-elementor-kit/build/frontendc5c9.css]
[www.littleangels.com.ng/wp-content/plugins/elementor/assets/lib/font-awesome/css/allc5c9.css]
[www.littleangels.com.ng/wp-content/plugins/thim-elementor-kit/build/libraries/thim-ekits/css/thim-ekits-icons.minc5c9.css]
[www.littleangels.com.ng/index578c.html]
[www.littleangels.com.ng/wp-json/wp/v2/posts/1.json]
[www.littleangels.com.ng/2023/11/18/hello-world/feed/index.html]
[www.littleangels.com.ng/wp-json/oembed/1.0/embed0c8f.json]
[www.littleangels.com.ng/wp-json/oembed/1.0/embed48ca]
[www.littleangels.com.ng/2023/11/18/hello-world/index.html]
[www.littleangels.com.ng/wp-json/wp/v2/posts/4521.json]
[www.littleangels.com.ng/2022/09/20/what-states-spend-on-students/feed/index.html]
[www.littleangels.com.ng/2023/11/18/hello-world/index6809.html]
[www.littleangels.com.ng/wp-json/oembed/1.0/embed6db6.json]
[www.littleangels.com.ng/wp-json/oembed/1.0/embed8f3b]
[www.littleangels.com.ng/2022/09/20/what-states-spend-on-students/index.html]
[www.littleangels.com.ng/wp-content/plugins/thim-elementor-kit/build/widgetsc5c9.css]
[www.littleangels.com.ng/index5d38.html]
[www.littleangels.com.ng/wp-content/uploads/2022/12/eduma-cover-banner-17.html]
[www.littleangels.com.ng/index4837.html]
[www.littleangels.com.ng/wp-json/wp/v2/pages/2958.json]
[www.littleangels.com.ng/wp-json/oembed/1.0/embed360b.json]
[www.littleangels.com.ng/account/index.html]
[www.littleangels.com.ng/wp-json/oembed/1.0/embedda70]
[www.littleangels.com.ng/account/indexc2b6.html]
[www.littleangels.com.ng/wp-json/wp/v2/pages/39.json]
[www.littleangels.com.ng/account/index24ad.html]
[www.littleangels.com.ng/wp-json/oembed/1.0/embed8f89.json]
[www.littleangels.com.ng/wp-json/oembed/1.0/embed3b51]
[www.littleangels.com.ng/password-reset/index.html]
[www.littleangels.com.ng/wp-includes/css/dist/block-library/style.mine63c.css]
[www.littleangels.com.ng/wp-content/plugins/wp-events-manager/inc/libraries/countdown/css/jquery.countdowne63c.css]
[www.littleangels.com.ng/wp-content/plugins/wp-events-manager/inc/libraries/owl-carousel/css/grabbing.png]
[www.littleangels.com.ng/wp-content/plugins/wp-events-manager/inc/libraries/owl-carousel/css/owl.carousele63c.css]
[www.littleangels.com.ng/wp-content/plugins/wp-events-manager/inc/libraries/magnific-popup/css/magnific-popupe63c.css]
[www.littleangels.com.ng/wp-content/plugins/wp-events-manager/assets/css/fonts/icomoonf9b4.eot]
[www.littleangels.com.ng/wp-content/plugins/wp-events-manager/assets/css/fonts/icomoonf9b4.ttf]
[www.littleangels.com.ng/wp-content/plugins/wp-events-manager/assets/css/fonts/icomoonf9b4.woff]
[www.littleangels.com.ng/wp-content/plugins/wp-events-manager/assets/css/fonts/icomoonf9b4.svg]
[www.littleangels.com.ng/wp-content/plugins/wp-events-manager/assets/css/frontend/events.mine63c.css]
[www.littleangels.com.ng/indexfaac.html]
[www.littleangels.com.ng/wp-content/uploads/2022/12/eduma-cover-banner-18.html]
[www.littleangels.com.ng/wp-json/wp/v2/pages/73.json]
[www.littleangels.com.ng/wp-json/oembed/1.0/embedeb7a.json]
[www.littleangels.com.ng/wp-json/oembed/1.0/embed9457]
[www.littleangels.com.ng/user-login/index5c4b.html]
[www.littleangels.com.ng/indexfc9e.html]
[www.littleangels.com.ng/user-login/indexd087.html]
[www.littleangels.com.ng/index448f.html]
[www.littleangels.com.ng/user-login/index5cb4.html]
[www.littleangels.com.ng/account/index0ddc.html]
[www.littleangels.com.ng/user-login/index.html]
[www.littleangels.com.ng/events/build-education-website-using-wordpress/feed/index.html]
[www.littleangels.com.ng/wp-json/oembed/1.0/embed66ae.json]
[www.littleangels.com.ng/wp-json/oembed/1.0/embedf12b]
[www.littleangels.com.ng/events/build-education-website-using-wordpress/index.html]
[www.littleangels.com.ng/wp-json/oembed/1.0/embed445a.json]
[www.littleangels.com.ng/events/introduction-to-study-skills/feed/index.html]
[www.littleangels.com.ng/user-login/indexd5f5.html]
[www.littleangels.com.ng/wp-json/oembed/1.0/embed80bf]
[www.littleangels.com.ng/events/introduction-to-study-skills/index.html]
[www.littleangels.com.ng/wp-json/oembed/1.0/embedd76c.json]
[www.littleangels.com.ng/events/building-assignment-writing-skills/feed/index.html]
[www.littleangels.com.ng/user-login/index8c9b.html]
[www.littleangels.com.ng/wp-json/oembed/1.0/embedcfdd]
[www.littleangels.com.ng/events/building-assignment-writing-skills/index.html]
[www.littleangels.com.ng/wp-json/oembed/1.0/embede66f.json]
[www.littleangels.com.ng/events/change-career-to-teaching/feed/index.html]
[www.littleangels.com.ng/user-login/index7af7.html]
[www.littleangels.com.ng/wp-json/oembed/1.0/embed4087]
[www.littleangels.com.ng/events/change-career-to-teaching/index.html]
[www.littleangels.com.ng/wp-json/oembed/1.0/embedce9b.json]
[www.littleangels.com.ng/events/data-science-and-fake-news/feed/index.html]
[www.littleangels.com.ng/user-login/indexa74c.html]
[www.littleangels.com.ng/wp-json/oembed/1.0/embed35b3]
[www.littleangels.com.ng/events/data-science-and-fake-news/index.html]
[www.littleangels.com.ng/indexe5ca.html]
[www.littleangels.com.ng/wp-json/wp/v2/categories/18.json]
[www.littleangels.com.ng/category/blog/index.html]
[www.littleangels.com.ng/category/blog/feed/index.html]
[www.littleangels.com.ng/wp-json/wp/v2/users/1.json]
[www.littleangels.com.ng/author/littleangels/index.html]
[www.littleangels.com.ng/2022/01/20/online-learning-glossary/index.html]
[www.littleangels.com.ng/author/littleangels/feed/index.html]
[www.littleangels.com.ng/2022/03/07/major-private-gifts-to-higher-education/index.html]
[www.littleangels.com.ng/author/littleangels/page/2/index.html]
[www.littleangels.com.ng/wp-json/wp/v2/tags/22.json]
[www.littleangels.com.ng/tag/course/index.html]
[www.littleangels.com.ng/index8b4e.html]
[www.littleangels.com.ng/tag/course/feed/index.html]
[www.littleangels.com.ng/wp-json/wp/v2/categories/21.json]
[www.littleangels.com.ng/category/design-branding/index.html]
[www.littleangels.com.ng/2022/01/20/when-big-data-goes-to-schol/index.html]
[www.littleangels.com.ng/category/design-branding/feed/index.html]
[www.littleangels.com.ng/wp-json/wp/v2/tags/23.json]
[www.littleangels.com.ng/tag/designer/index.html]
[www.littleangels.com.ng/tag/designer/feed/index.html]
[www.littleangels.com.ng/wp-json/wp/v2/tags/25.json]
[www.littleangels.com.ng/tag/thimpress/index.html]
[www.littleangels.com.ng/tag/thimpress/feed/index.html]
[www.littleangels.com.ng/wp-json/wp/v2/posts/3699.json]
[www.littleangels.com.ng/2022/01/20/tips-to-succeed-in-an-online-course/feed/index.html]
[www.littleangels.com.ng/wp-json/oembed/1.0/embed687d.json]
[www.littleangels.com.ng/wp-json/oembed/1.0/embed78ef]
[www.littleangels.com.ng/2022/01/20/tips-to-succeed-in-an-online-course/index.html]
[www.littleangels.com.ng/2022/05/25/the-project-harnessing-the-power-of-sport-to-change-childrens-lives/feed/index.html]
[www.littleangels.com.ng/wp-json/wp/v2/posts/4518.json]
[www.littleangels.com.ng/wp-json/oembed/1.0/embedeeb4.json]
[www.littleangels.com.ng/wp-json/oembed/1.0/embedf47f]
[www.littleangels.com.ng/2022/05/25/the-project-harnessing-the-power-of-sport-to-change-childrens-lives/index.html]
[www.littleangels.com.ng/wp-json/wp/v2/posts/4517.json]
[www.littleangels.com.ng/2022/05/17/our-classes/feed/index.html]
[www.littleangels.com.ng/wp-json/oembed/1.0/embed468c.json]
[www.littleangels.com.ng/wp-json/oembed/1.0/embedae22]
[www.littleangels.com.ng/2022/05/17/our-classes/index.html]
[www.littleangels.com.ng/wp-json/wp/v2/posts/4510.json]
[www.littleangels.com.ng/2022/03/07/making-a-home-for-students/feed/index.html]
[www.littleangels.com.ng/wp-json/oembed/1.0/embedd717.json]
[www.littleangels.com.ng/wp-json/oembed/1.0/embeddc87]
[www.littleangels.com.ng/2022/03/07/making-a-home-for-students/index.html]
[www.littleangels.com.ng/indexc6a2.html]
[www.littleangels.com.ng/wp-json/wp/v2/tags/24.json]
[www.littleangels.com.ng/tag/seo/index.html]
[www.littleangels.com.ng/2022/01/20/why-you-should-read-every-day/index.html]
[www.littleangels.com.ng/tag/seo/feed/index.html]
[www.littleangels.com.ng/wp-json/wp/v2/posts/4515.json]
[www.littleangels.com.ng/2022/07/22/high-school-exam-the-most-testing-of-times/feed/index.html]
[www.littleangels.com.ng/wp-json/oembed/1.0/embed8e3f.json]
[www.littleangels.com.ng/wp-json/oembed/1.0/embed8a64]
[www.littleangels.com.ng/2022/07/22/high-school-exam-the-most-testing-of-times/index.html]
[www.littleangels.com.ng/index6f5c.html]
[www.littleangels.com.ng/wp-json/wp/v2/tags/26.json]
[www.littleangels.com.ng/tag/wordpress/index.html]
[www.littleangels.com.ng/index913e.html]
[www.littleangels.com.ng/tag/wordpress/feed/index.html]
[www.littleangels.com.ng/wp-json/wp/v2/categories/19.json]
[www.littleangels.com.ng/category/business/index.html]
[www.littleangels.com.ng/category/business/feed/index.html]
[www.littleangels.com.ng/wp-json/wp/v2/posts/4516.json]
[www.littleangels.com.ng/wp-json/oembed/1.0/embeda1c3.json]
[www.littleangels.com.ng/wp-json/oembed/1.0/embed27da]
[www.littleangels.com.ng/2022/05/23/our-books/index.html]
[www.littleangels.com.ng/wp-json/wp/v2/posts/4514.json]
[www.littleangels.com.ng/wp-json/oembed/1.0/embedc3f1.json]
[www.littleangels.com.ng/wp-json/oembed/1.0/embed7859]
[www.littleangels.com.ng/2022/03/11/the-importance-of-higher-education/index.html]
[www.littleangels.com.ng/wp-json/wp/v2/categories/1.json]
[www.littleangels.com.ng/category/uncategorized/index.html]
[www.littleangels.com.ng/category/uncategorized/feed/index.html]
[www.littleangels.com.ng/wp-json/wp/v2/posts/4512.json]
[www.littleangels.com.ng/2022/05/07/private-school-pupils-twice-as-likely-to-need-top-grades-for-some-universities/feed/index.html]
[www.littleangels.com.ng/wp-json/oembed/1.0/embedc8b7.json]
[www.littleangels.com.ng/wp-json/oembed/1.0/embedf51b]
[www.littleangels.com.ng/2022/05/07/private-school-pupils-twice-as-likely-to-need-top-grades-for-some-universities/index.html]
[www.littleangels.com.ng/blog/page/2/index.html]
[www.littleangels.com.ng/indexcff1.html]
[www.littleangels.com.ng/2023/11/18/hello-world/index6809.html]
[www.littleangels.com.ng/index846b.html]
[www.littleangels.com.ng/account/index.html]
[www.littleangels.com.ng/indexc04f.html]
[www.littleangels.com.ng/account/index24ad.html]
[www.littleangels.com.ng/indexba52.html]
[www.littleangels.com.ng/wp-content/plugins/wp-events-manager/assets/css/fonts/icomoonf9b4.html]
[www.littleangels.com.ng/wp-content/plugins/wp-events-manager/assets/css/fonts/icomoonf9b4-2.html]
[www.littleangels.com.ng/wp-content/plugins/wp-events-manager/assets/css/fonts/icomoonf9b4-3.html]
[www.littleangels.com.ng/wp-content/plugins/wp-events-manager/assets/css/fonts/icomoonf9b4-4.html]
[www.littleangels.com.ng/user-login/index.html]
[www.littleangels.com.ng/index8cae.html]
[www.littleangels.com.ng/account/index0ddc.html]
[www.littleangels.com.ng/indexa8ef.html]
[www.littleangels.com.ng/user-login/indexd5f5.html]
[www.littleangels.com.ng/index295f.html]
[www.littleangels.com.ng/user-login/index8c9b.html]
[www.littleangels.com.ng/index1696.html]
[www.littleangels.com.ng/user-login/index7af7.html]
[www.littleangels.com.ng/index5ed6.html]
[www.littleangels.com.ng/user-login/indexa74c.html]
[www.littleangels.com.ng/index6ae6.html]
[www.littleangels.com.ng/account/indexa1fc.html]
[www.littleangels.com.ng/wp-json/wp/v2/posts/4513.json]
[www.littleangels.com.ng/wp-json/oembed/1.0/embedba37.json]
[www.littleangels.com.ng/wp-json/oembed/1.0/embed5f9b]
[www.littleangels.com.ng/2022/03/07/major-private-gifts-to-higher-education/index.html]
[www.littleangels.com.ng/2022/03/07/major-private-gifts-to-higher-education/feed/index.html]
[www.littleangels.com.ng/wp-json/wp/v2/posts/3698.json]
[www.littleangels.com.ng/2022/01/20/online-learning-glossary/feed/index.html]
[www.littleangels.com.ng/wp-json/oembed/1.0/embede7a4.json]
[www.littleangels.com.ng/wp-json/oembed/1.0/embed080b]
[www.littleangels.com.ng/2022/01/20/online-learning-glossary/index.html]
[www.littleangels.com.ng/author/littleangels/page/2/index.html]
[www.littleangels.com.ng/wp-json/wp/v2/posts/3697.json]
[www.littleangels.com.ng/2022/01/20/when-big-data-goes-to-schol/feed/index.html]
[www.littleangels.com.ng/wp-json/oembed/1.0/embed4a24.json]
[www.littleangels.com.ng/wp-json/oembed/1.0/embede3c9]
[www.littleangels.com.ng/2022/01/20/when-big-data-goes-to-schol/index.html]
[www.littleangels.com.ng/indexa1be.html]
[www.littleangels.com.ng/index6e0b.html]
[www.littleangels.com.ng/index9a2d.html]
[www.littleangels.com.ng/index8aa4.html]
[www.littleangels.com.ng/wp-json/wp/v2/posts/3696.json]
[www.littleangels.com.ng/2022/01/20/why-you-should-read-every-day/feed/index.html]
[www.littleangels.com.ng/wp-json/oembed/1.0/embed23f9.json]
[www.littleangels.com.ng/wp-json/oembed/1.0/embed590a]
[www.littleangels.com.ng/2022/01/20/why-you-should-read-every-day/index.html]
[www.littleangels.com.ng/index9d4a.html]
[www.littleangels.com.ng/index84da.html]
[www.littleangels.com.ng/index0770.html]
[www.littleangels.com.ng/index8ac0.html]
[www.littleangels.com.ng/account/indexa1fc.html]
[www.littleangels.com.ng/index8466.html]
[www.littleangels.com.ng/index6c31.html]
[www.littleangels.com.ng/indexe4f6.html]
[www.littleangels.com.ng/indexb602.html]
